// Jest Snapshot v1, https://goo.gl/fbAQLP

exports[`Email render 1`] = `
<div
  className="info-item"
>
  <div
    className="info info-text"
  />
  <a
    href="mailto:undefined"
  />
</div>
`;
