// Jest Snapshot v1, https://goo.gl/fbAQLP

exports[`PhoneItem render 1`] = `
<div
  className="phone"
/>
`;
